Godot Engine v4.7.stable.official.5b4e0cb0f - https://godotengine.org
OpenGL API 3.3.0 - Build 32.0.101.7076 - Compatibility - Using Device: Intel - Intel(R) Iris(R) Xe Graphics

[PLAY]    0.1s  訪客登入完成，陣營＝進攻方
[PLAY]    0.2s  鎖定地圖：平原
[BOT] 進攻方 ATTACK 補齊 4 架 AI（真人 1 名）
[BOT] 防守方 DEFEND 補齊 5 架 AI（真人 0 名）
[PLAY]    3.5s  單人作戰已開局：地圖 平原 / 天氣 3 / 時段 0
[PLAY]    4.3s  截圖 → C:\Users\Tin\AirCombatGame\tools\.touch/01-brief.png
[PLAY]   30.8s  簡報結束，進入部署
[PLAY]   31.4s  截圖 → C:\Users\Tin\AirCombatGame\tools\.touch/02-deploy.png
[PLAY]   61.5s  部署結束，戰鬥開始
[PLAY]   61.5s  已登上 戰鬥機 Fighter（第 1 次出擊）
[PLAY]   61.5s  自動駕駛接手
[PLAY]   62.0s  截圖 → C:\Users\Tin\AirCombatGame\tools\.touch/03-takeoff.png
[PLAY]  115.2s  陣亡（陸軍防空（高射砲／防空車））
[PLAY]  115.2s  已登上 戰鬥機 Fighter（第 2 次出擊）
[PLAY]  115.2s  自動駕駛接手
[PLAY]  121.9s  t=1:00  自機HP=110 飛彈存量=4  擊墜=7 陣亡=1  累計射出飛彈=8  核設施HP=1200  跑道HP=420
[PLAY]  122.4s  截圖 → C:\Users\Tin\AirCombatGame\tools\.touch/04-t01.png
[PLAY]  150.7s  截圖 → C:\Users\Tin\AirCombatGame\tools\.touch/05-end.png
[PLAY]  150.8s  ──────── 戰果 ────────
[PLAY]  150.8s  結束時比賽時間 86 秒
[PLAY]  150.8s  勝方：防守方（核設施撐過 10 分鐘）
[PLAY]  150.8s  我方結果：落敗
[PLAY]  150.8s  擊墜 8 ／ 陣亡 1（players 計數器）
[PLAY]  150.8s  出擊 2 次：自己摔 0 ／ 被擊落 1
[PLAY]  150.8s  整局射出副武裝 12 發
[PLAY]  150.8s  我方死因：陸軍防空（高射砲／防空車）×1
[PLAY]  150.8s  全場自摔統計（含 AI）：撞毀/戰鬥機 Fighter×1
[PLAY]  150.8s  核設施 HP 1200 ／ 跑道 HP 420
[PLAY]  150.8s  RESULT LOSE
